{
    "extensions": {
        "bluerobotics.blueos-bb": [
            {
                "message": "Starting metadata processing for bluerobotics.blueos-bb",
                "status": "INFO"
            },
            {
                "message": "Finished metadata processing for bluerobotics.blueos-bb",
                "status": "INFO"
            },
            {
                "message": "Invalid tag name master for extension bluerobotics.blueos-bb, error: Invalid version naming: master",
                "status": "ERROR"
            }
        ],
        "bluerobotics.blueos-documentation": [
            {
                "message": "Starting metadata processing for bluerobotics.blueos-documentation",
                "status": "INFO"
            },
            {
                "message": "Finished metadata processing for bluerobotics.blueos-documentation",
                "status": "INFO"
            },
            {
                "message": "Unable to fetch tags for bluerobotics.blueos-documentation, error: Error on GET Docker HUB API with status 429 on call to https://hub.docker.com/v2//repositories/bluerobotics/blueos-docs/",
                "status": "ERROR"
            }
        ],
        "bluerobotics.cellular-modem-manager": [
            {
                "message": "Starting metadata processing for bluerobotics.cellular-modem-manager",
                "status": "INFO"
            },
            {
                "message": "Finished metadata processing for bluerobotics.cellular-modem-manager",
                "status": "INFO"
            },
            {
                "message": "Unable to fetch tags for bluerobotics.cellular-modem-manager, error: Error on GET Docker HUB API with status 429 on call to https://hub.docker.com/v2//repositories/bluerobotics/blueos-cellphone-modem-manager/",
                "status": "ERROR"
            }
        ],
        "bluerobotics.cockpit": [
            {
                "message": "Starting metadata processing for bluerobotics.cockpit",
                "status": "INFO"
            },
            {
                "message": "Finished metadata processing for bluerobotics.cockpit",
                "status": "INFO"
            },
            {
                "message": "Unable to fetch tags for bluerobotics.cockpit, error: Error on GET Docker HUB API with status 429 on call to https://hub.docker.com/v2//repositories/bluerobotics/cockpit/",
                "status": "ERROR"
            }
        ],
        "bluerobotics.jupyter": [
            {
                "message": "Starting metadata processing for bluerobotics.jupyter",
                "status": "INFO"
            },
            {
                "message": "Finished metadata processing for bluerobotics.jupyter",
                "status": "INFO"
            },
            {
                "message": "Invalid tag name latest for extension bluerobotics.jupyter, error: Invalid version naming: latest",
                "status": "ERROR"
            },
            {
                "message": "Invalid tag name main for extension bluerobotics.jupyter, error: Invalid version naming: main",
                "status": "ERROR"
            },
            {
                "message": "Failed to generate version 0.2.0 for extension bluerobotics.jupyter, error: Error on Docker Auth API with status 401",
                "status": "ERROR"
            },
            {
                "message": "Failed to generate version 0.1.0 for extension bluerobotics.jupyter, error: Error on Docker Auth API with status 401",
                "status": "ERROR"
            },
            {
                "message": "Failed to generate version 0.0.0 for extension bluerobotics.jupyter, error: Error on Docker Auth API with status 401",
                "status": "ERROR"
            }
        ],
        "bluerobotics.navigator-webassistant": [
            {
                "message": "Starting metadata processing for bluerobotics.navigator-webassistant",
                "status": "INFO"
            },
            {
                "message": "Finished metadata processing for bluerobotics.navigator-webassistant",
                "status": "INFO"
            },
            {
                "message": "Unable to fetch tags for bluerobotics.navigator-webassistant, error: Error on GET Docker HUB API with status 429 on call to https://hub.docker.com/v2//repositories/raulelektron/blueos-navigator-webassistant/",
                "status": "ERROR"
            }
        ],
        "bluerobotics.node-red": [
            {
                "message": "Starting metadata processing for bluerobotics.node-red",
                "status": "INFO"
            },
            {
                "message": "Finished metadata processing for bluerobotics.node-red",
                "status": "INFO"
            },
            {
                "message": "Invalid tag name update-node-red for extension bluerobotics.node-red, error: Invalid version naming: update-node-red",
                "status": "ERROR"
            },
            {
                "message": "Failed to generate version 1.0.2 for extension bluerobotics.node-red, error: Error on Docker Auth API with status 401",
                "status": "ERROR"
            },
            {
                "message": "Failed to generate version 1.0.3 for extension bluerobotics.node-red, error: Error on Docker Auth API with status 401",
                "status": "ERROR"
            },
            {
                "message": "Failed to generate version 1.0.0 for extension bluerobotics.node-red, error: Error on Docker Auth API with status 401",
                "status": "ERROR"
            },
            {
                "message": "Failed to generate version 1.0.1 for extension bluerobotics.node-red, error: Error on Docker Auth API with status 401",
                "status": "ERROR"
            },
            {
                "message": "Failed to generate version 1.1.0 for extension bluerobotics.node-red, error: Error on Docker Auth API with status 401",
                "status": "ERROR"
            }
        ],
        "bluerobotics.openvscode": [
            {
                "message": "Starting metadata processing for bluerobotics.openvscode",
                "status": "INFO"
            },
            {
                "message": "Finished metadata processing for bluerobotics.openvscode",
                "status": "INFO"
            },
            {
                "message": "Invalid tag name latest for extension bluerobotics.openvscode, error: Invalid version naming: latest",
                "status": "ERROR"
            },
            {
                "message": "Failed to generate version 1.1.2 for extension bluerobotics.openvscode, error: Error on Docker Auth API with status 401",
                "status": "ERROR"
            },
            {
                "message": "Failed to generate version 1.0.1 for extension bluerobotics.openvscode, error: Error on Docker Auth API with status 401",
                "status": "ERROR"
            },
            {
                "message": "Failed to generate version 1.0.5 for extension bluerobotics.openvscode, error: Error on Docker Auth API with status 401",
                "status": "ERROR"
            },
            {
                "message": "Failed to generate version 1.0.3 for extension bluerobotics.openvscode, error: Error on Docker Auth API with status 401",
                "status": "ERROR"
            },
            {
                "message": "Failed to generate version 1.1.0 for extension bluerobotics.openvscode, error: Error on Docker Auth API with status 401",
                "status": "ERROR"
            },
            {
                "message": "Failed to generate version 1.0.6 for extension bluerobotics.openvscode, error: Error on Docker Auth API with status 401",
                "status": "ERROR"
            },
            {
                "message": "Failed to generate version 1.0.4 for extension bluerobotics.openvscode, error: Error on Docker Auth API with status 401",
                "status": "ERROR"
            },
            {
                "message": "Failed to generate version 1.0.7 for extension bluerobotics.openvscode, error: Error on Docker Auth API with status 401",
                "status": "ERROR"
            },
            {
                "message": "Failed to generate version 1.0.2 for extension bluerobotics.openvscode, error: Error on Docker Auth API with status 401",
                "status": "ERROR"
            },
            {
                "message": "Failed to generate version 1.1.1 for extension bluerobotics.openvscode, error: Error on Docker Auth API with status 401",
                "status": "ERROR"
            },
            {
                "message": "Failed to generate version 1.0.0 for extension bluerobotics.openvscode, error: Error on Docker Auth API with status 401",
                "status": "ERROR"
            }
        ],
        "bluerobotics.ping-viewer-next": [
            {
                "message": "Starting metadata processing for bluerobotics.ping-viewer-next",
                "status": "INFO"
            },
            {
                "message": "Finished metadata processing for bluerobotics.ping-viewer-next",
                "status": "INFO"
            },
            {
                "message": "Failed to generate version 1.0.0-beta.8 for extension bluerobotics.ping-viewer-next, error: Error on Docker Auth API with status 401",
                "status": "ERROR"
            },
            {
                "message": "Failed to generate version 1.0.0-beta.4 for extension bluerobotics.ping-viewer-next, error: Error on Docker Auth API with status 401",
                "status": "ERROR"
            },
            {
                "message": "Failed to generate version 1.0.0-beta.9 for extension bluerobotics.ping-viewer-next, error: Error on Docker Auth API with status 401",
                "status": "ERROR"
            },
            {
                "message": "Failed to generate version 1.0.0-beta.7 for extension bluerobotics.ping-viewer-next, error: Error on Docker Auth API with status 401",
                "status": "ERROR"
            },
            {
                "message": "Failed to generate version 1.0.0-beta.5 for extension bluerobotics.ping-viewer-next, error: Error on Docker Auth API with status 401",
                "status": "ERROR"
            },
            {
                "message": "Failed to generate version 1.0.0-beta.10 for extension bluerobotics.ping-viewer-next, error: Error on Docker Auth API with status 401",
                "status": "ERROR"
            },
            {
                "message": "Failed to generate version 1.0.0-beta.6 for extension bluerobotics.ping-viewer-next, error: Error on Docker Auth API with status 401",
                "status": "ERROR"
            }
        ],
        "bluerobotics.power-switch-calibration": [
            {
                "message": "Starting metadata processing for bluerobotics.power-switch-calibration",
                "status": "INFO"
            },
            {
                "message": "Finished metadata processing for bluerobotics.power-switch-calibration",
                "status": "INFO"
            },
            {
                "message": "Unable to fetch tags for bluerobotics.power-switch-calibration, error: Error on GET Docker HUB API with status 429 on call to https://hub.docker.com/v2//repositories/rjehangir/blueos-ps-calibration/",
                "status": "ERROR"
            }
        ],
        "bluerobotics.radcam-manager": [
            {
                "message": "Starting metadata processing for bluerobotics.radcam-manager",
                "status": "INFO"
            },
            {
                "message": "Finished metadata processing for bluerobotics.radcam-manager",
                "status": "INFO"
            },
            {
                "message": "Invalid tag name master for extension bluerobotics.radcam-manager, error: Invalid version naming: master",
                "status": "ERROR"
            },
            {
                "message": "Invalid tag name latest for extension bluerobotics.radcam-manager, error: Invalid version naming: latest",
                "status": "ERROR"
            },
            {
                "message": "Failed to generate version 0.2.0-beta.6 for extension bluerobotics.radcam-manager, error: Error on Docker Auth API with status 401",
                "status": "ERROR"
            },
            {
                "message": "Failed to generate version 0.2.0-beta.8 for extension bluerobotics.radcam-manager, error: Error on Docker Auth API with status 401",
                "status": "ERROR"
            },
            {
                "message": "Failed to generate version 0.1.2 for extension bluerobotics.radcam-manager, error: Error on Docker Auth API with status 401",
                "status": "ERROR"
            },
            {
                "message": "Failed to generate version 0.2.0-beta.11 for extension bluerobotics.radcam-manager, error: Error on Docker Auth API with status 401",
                "status": "ERROR"
            },
            {
                "message": "Failed to generate version 0.2.0-beta.13 for extension bluerobotics.radcam-manager, error: Error on Docker Auth API with status 401",
                "status": "ERROR"
            },
            {
                "message": "Failed to generate version 0.2.0-beta.3 for extension bluerobotics.radcam-manager, error: Error on Docker Auth API with status 401",
                "status": "ERROR"
            },
            {
                "message": "Failed to generate version 0.2.0-beta.12 for extension bluerobotics.radcam-manager, error: Error on Docker Auth API with status 401",
                "status": "ERROR"
            },
            {
                "message": "Failed to generate version 0.2.0-beta.5 for extension bluerobotics.radcam-manager, error: Error on Docker Auth API with status 401",
                "status": "ERROR"
            },
            {
                "message": "Failed to generate version 0.2.0-beta.2 for extension bluerobotics.radcam-manager, error: Error on Docker Auth API with status 401",
                "status": "ERROR"
            },
            {
                "message": "Failed to generate version 0.2.0-beta.10 for extension bluerobotics.radcam-manager, error: Error on Docker Auth API with status 401",
                "status": "ERROR"
            },
            {
                "message": "Failed to generate version 0.2.0-beta.9 for extension bluerobotics.radcam-manager, error: Error on Docker Auth API with status 401",
                "status": "ERROR"
            },
            {
                "message": "Failed to generate version 0.2.0-beta.7 for extension bluerobotics.radcam-manager, error: Error on Docker Auth API with status 401",
                "status": "ERROR"
            },
            {
                "message": "Failed to generate version 0.2.0-beta.14 for extension bluerobotics.radcam-manager, error: Error on Docker Auth API with status 401",
                "status": "ERROR"
            },
            {
                "message": "Failed to generate version 0.2.0-beta.4 for extension bluerobotics.radcam-manager, error: Error on Docker Auth API with status 401",
                "status": "ERROR"
            },
            {
                "message": "Failed to generate version 0.1.4 for extension bluerobotics.radcam-manager, error: Error on Docker Auth API with status 401",
                "status": "ERROR"
            },
            {
                "message": "Failed to generate version 0.1.3 for extension bluerobotics.radcam-manager, error: Error on Docker Auth API with status 401",
                "status": "ERROR"
            },
            {
                "message": "Failed to generate version 0.2.0-beta.1 for extension bluerobotics.radcam-manager, error: Error on Docker Auth API with status 401",
                "status": "ERROR"
            }
        ],
        "bluerobotics.ros": [
            {
                "message": "Starting metadata processing for bluerobotics.ros",
                "status": "INFO"
            },
            {
                "message": "Finished metadata processing for bluerobotics.ros",
                "status": "INFO"
            },
            {
                "message": "Unable to fetch tags for bluerobotics.ros, error: Error on GET Docker HUB API with status 429 on call to https://hub.docker.com/v2//repositories/patrickelectric/blueos-ros/",
                "status": "ERROR"
            }
        ],
        "bluerobotics.water-linked-dvl": [
            {
                "message": "Starting metadata processing for bluerobotics.water-linked-dvl",
                "status": "INFO"
            },
            {
                "message": "Finished metadata processing for bluerobotics.water-linked-dvl",
                "status": "INFO"
            },
            {
                "message": "Unable to fetch tags for bluerobotics.water-linked-dvl, error: Error on GET Docker HUB API with status 429 on call to https://hub.docker.com/v2//repositories/bluerobotics/blueos-water-linked-dvl/",
                "status": "ERROR"
            }
        ],
        "bluerobotics.yacht": [
            {
                "message": "Starting metadata processing for bluerobotics.yacht",
                "status": "INFO"
            },
            {
                "message": "Finished metadata processing for bluerobotics.yacht",
                "status": "INFO"
            },
            {
                "message": "Unable to fetch tags for bluerobotics.yacht, error: Error on GET Docker HUB API with status 429 on call to https://hub.docker.com/v2//repositories/patrickelectric/blueos-yacht/",
                "status": "ERROR"
            }
        ],
        "ceruleansonar.cerulean-docs": [
            {
                "message": "Starting metadata processing for ceruleansonar.cerulean-docs",
                "status": "INFO"
            },
            {
                "message": "Extension logo not found for ceruleansonar.cerulean-docs, trying to use company logo as alternative",
                "status": "WARNING"
            },
            {
                "message": "Finished metadata processing for ceruleansonar.cerulean-docs",
                "status": "INFO"
            },
            {
                "message": "Unable to fetch tags for ceruleansonar.cerulean-docs, error: Error on GET Docker HUB API with status 429 on call to https://hub.docker.com/v2//repositories/nicknothom/blueos-cerulean-docs/",
                "status": "ERROR"
            }
        ],
        "ceruleansonar.cerulean-dvl": [
            {
                "message": "Starting metadata processing for ceruleansonar.cerulean-dvl",
                "status": "INFO"
            },
            {
                "message": "Extension logo not found for ceruleansonar.cerulean-dvl, trying to use company logo as alternative",
                "status": "WARNING"
            },
            {
                "message": "Finished metadata processing for ceruleansonar.cerulean-dvl",
                "status": "INFO"
            },
            {
                "message": "Unable to fetch tags for ceruleansonar.cerulean-dvl, error: Error on GET Docker HUB API with status 429 on call to https://hub.docker.com/v2//repositories/nicknothom/blueos-cerulean-dvl/",
                "status": "ERROR"
            }
        ],
        "ceruleansonar.sonarview": [
            {
                "message": "Starting metadata processing for ceruleansonar.sonarview",
                "status": "INFO"
            },
            {
                "message": "Extension logo not found for ceruleansonar.sonarview, trying to use company logo as alternative",
                "status": "WARNING"
            },
            {
                "message": "Finished metadata processing for ceruleansonar.sonarview",
                "status": "INFO"
            },
            {
                "message": "Failed to generate version 1.14.23-dev for extension ceruleansonar.sonarview, error: Error on Docker Auth API with status 401",
                "status": "ERROR"
            },
            {
                "message": "Failed to generate version 1.14.10-dev for extension ceruleansonar.sonarview, error: Error on Docker Auth API with status 401",
                "status": "ERROR"
            },
            {
                "message": "Failed to generate version 1.14.25-beta for extension ceruleansonar.sonarview, error: Error on Docker Auth API with status 401",
                "status": "ERROR"
            },
            {
                "message": "Failed to generate version 1.14.31-beta for extension ceruleansonar.sonarview, error: Error on Docker Auth API with status 401",
                "status": "ERROR"
            },
            {
                "message": "Failed to generate version 1.14.8-beta for extension ceruleansonar.sonarview, error: Error on Docker Auth API with status 401",
                "status": "ERROR"
            },
            {
                "message": "Failed to generate version 1.14.4 for extension ceruleansonar.sonarview, error: Error on Docker Auth API with status 401",
                "status": "ERROR"
            },
            {
                "message": "Failed to generate version 1.14.1 for extension ceruleansonar.sonarview, error: Error on Docker Auth API with status 401",
                "status": "ERROR"
            },
            {
                "message": "Failed to generate version 1.13.37-beta for extension ceruleansonar.sonarview, error: Error on Docker Auth API with status 401",
                "status": "ERROR"
            },
            {
                "message": "Failed to generate version 1.13.42-beta for extension ceruleansonar.sonarview, error: Error on Docker Auth API with status 401",
                "status": "ERROR"
            },
            {
                "message": "Failed to generate version 1.14.29-beta for extension ceruleansonar.sonarview, error: Error on Docker Auth API with status 401",
                "status": "ERROR"
            },
            {
                "message": "Failed to generate version 1.14.24-dev for extension ceruleansonar.sonarview, error: Error on Docker Auth API with status 401",
                "status": "ERROR"
            },
            {
                "message": "Failed to generate version 1.14.30-beta for extension ceruleansonar.sonarview, error: Error on Docker Auth API with status 401",
                "status": "ERROR"
            },
            {
                "message": "Failed to generate version 1.14.32-beta for extension ceruleansonar.sonarview, error: Error on Docker Auth API with status 401",
                "status": "ERROR"
            },
            {
                "message": "Failed to generate version 1.14.15-dev for extension ceruleansonar.sonarview, error: Error on Docker Auth API with status 401",
                "status": "ERROR"
            },
            {
                "message": "Failed to generate version 1.14.27-beta for extension ceruleansonar.sonarview, error: Error on Docker Auth API with status 401",
                "status": "ERROR"
            },
            {
                "message": "Failed to generate version 1.14.21-dev for extension ceruleansonar.sonarview, error: Error on Docker Auth API with status 401",
                "status": "ERROR"
            },
            {
                "message": "Failed to generate version 1.14.5-beta for extension ceruleansonar.sonarview, error: Error on Docker Auth API with status 401",
                "status": "ERROR"
            },
            {
                "message": "Failed to generate version 1.14.6-beta for extension ceruleansonar.sonarview, error: Error on Docker Auth API with status 401",
                "status": "ERROR"
            },
            {
                "message": "Failed to generate version 1.13.40-beta for extension ceruleansonar.sonarview, error: Error on Docker Auth API with status 401",
                "status": "ERROR"
            },
            {
                "message": "Failed to generate version 1.13.38-beta for extension ceruleansonar.sonarview, error: Error on Docker Auth API with status 401",
                "status": "ERROR"
            },
            {
                "message": "Failed to generate version 1.14.9-beta for extension ceruleansonar.sonarview, error: Error on Docker Auth API with status 401",
                "status": "ERROR"
            },
            {
                "message": "Failed to generate version 1.14.3 for extension ceruleansonar.sonarview, error: Error on Docker Auth API with status 401",
                "status": "ERROR"
            },
            {
                "message": "Failed to generate version 1.14.11-dev for extension ceruleansonar.sonarview, error: Error on Docker Auth API with status 401",
                "status": "ERROR"
            },
            {
                "message": "Failed to generate version 1.14.20-beta for extension ceruleansonar.sonarview, error: Error on Docker Auth API with status 401",
                "status": "ERROR"
            },
            {
                "message": "Failed to generate version 1.14.26-beta for extension ceruleansonar.sonarview, error: Error on Docker Auth API with status 401",
                "status": "ERROR"
            }
        ],
        "clydemcqueen.surftrak_fixit": [
            {
                "message": "Starting metadata processing for clydemcqueen.surftrak_fixit",
                "status": "INFO"
            },
            {
                "message": "Finished metadata processing for clydemcqueen.surftrak_fixit",
                "status": "INFO"
            },
            {
                "message": "Failed to generate version v1.0.0-beta.2 for extension clydemcqueen.surftrak_fixit, error: Error on Docker Auth API with status 401",
                "status": "ERROR"
            },
            {
                "message": "Failed to generate version v1.0.0-beta.1 for extension clydemcqueen.surftrak_fixit, error: Error on Docker Auth API with status 401",
                "status": "ERROR"
            }
        ],
        "clydemcqueen.wl_ugps_external": [
            {
                "message": "Starting metadata processing for clydemcqueen.wl_ugps_external",
                "status": "INFO"
            },
            {
                "message": "Finished metadata processing for clydemcqueen.wl_ugps_external",
                "status": "INFO"
            },
            {
                "message": "Failed to generate version v1.0.1 for extension clydemcqueen.wl_ugps_external, error: Error on Docker Auth API with status 401",
                "status": "ERROR"
            },
            {
                "message": "Failed to generate version v1.0.3 for extension clydemcqueen.wl_ugps_external, error: Error on Docker Auth API with status 401",
                "status": "ERROR"
            },
            {
                "message": "Failed to generate version v1.1.0-beta.1 for extension clydemcqueen.wl_ugps_external, error: Error on Docker Auth API with status 401",
                "status": "ERROR"
            },
            {
                "message": "Failed to generate version v1.0.2 for extension clydemcqueen.wl_ugps_external, error: Error on Docker Auth API with status 401",
                "status": "ERROR"
            }
        ],
        "deepwaterexploration.dwe_os_2": [
            {
                "message": "Starting metadata processing for deepwaterexploration.dwe_os_2",
                "status": "INFO"
            },
            {
                "message": "Finished metadata processing for deepwaterexploration.dwe_os_2",
                "status": "INFO"
            },
            {
                "message": "Unable to fetch tags for deepwaterexploration.dwe_os_2, error: Error on GET Docker HUB API with status 429 on call to https://hub.docker.com/v2//repositories/deepwaterexploration/dwe_os_2/",
                "status": "ERROR"
            }
        ],
        "itskalvik.ros2": [
            {
                "message": "Starting metadata processing for itskalvik.ros2",
                "status": "INFO"
            },
            {
                "message": "Finished metadata processing for itskalvik.ros2",
                "status": "INFO"
            },
            {
                "message": "Unable to fetch tags for itskalvik.ros2, error: Error on GET Docker HUB API with status 429 on call to https://hub.docker.com/v2//repositories/itskalvik/blueos-ros2/",
                "status": "ERROR"
            }
        ],
        "itskalvik.sgptools": [
            {
                "message": "Starting metadata processing for itskalvik.sgptools",
                "status": "INFO"
            },
            {
                "message": "Finished metadata processing for itskalvik.sgptools",
                "status": "INFO"
            },
            {
                "message": "Invalid tag name beta for extension itskalvik.sgptools, error: Invalid version naming: beta",
                "status": "ERROR"
            },
            {
                "message": "Invalid tag name simulator for extension itskalvik.sgptools, error: Invalid version naming: simulator",
                "status": "ERROR"
            },
            {
                "message": "Failed to generate version 0.0.3 for extension itskalvik.sgptools, error: Error on Docker Auth API with status 401",
                "status": "ERROR"
            },
            {
                "message": "Failed to generate version 0.0.1 for extension itskalvik.sgptools, error: Error on Docker Auth API with status 401",
                "status": "ERROR"
            },
            {
                "message": "Failed to generate version 0.0.2 for extension itskalvik.sgptools, error: Error on Docker Auth API with status 401",
                "status": "ERROR"
            }
        ],
        "jmrobotics.jm-connect": [
            {
                "message": "Starting metadata processing for jmrobotics.jm-connect",
                "status": "INFO"
            },
            {
                "message": "Finished metadata processing for jmrobotics.jm-connect",
                "status": "INFO"
            },
            {
                "message": "Unable to fetch tags for jmrobotics.jm-connect, error: Error on GET Docker HUB API with status 429 on call to https://hub.docker.com/v2//repositories/maphstra/jm-connect-blueos/",
                "status": "ERROR"
            }
        ],
        "marinesitu.madrona": [
            {
                "message": "Starting metadata processing for marinesitu.madrona",
                "status": "INFO"
            },
            {
                "message": "Finished metadata processing for marinesitu.madrona",
                "status": "INFO"
            },
            {
                "message": "Invalid tag name 970025d6 for extension marinesitu.madrona, error: Invalid version naming: 970025d6",
                "status": "ERROR"
            },
            {
                "message": "Invalid tag name latest for extension marinesitu.madrona, error: Invalid version naming: latest",
                "status": "ERROR"
            },
            {
                "message": "Invalid tag name cache-amd64 for extension marinesitu.madrona, error: Invalid version naming: cache-amd64",
                "status": "ERROR"
            },
            {
                "message": "Invalid tag name 970025d6-amd64 for extension marinesitu.madrona, error: Invalid version naming: 970025d6-amd64",
                "status": "ERROR"
            },
            {
                "message": "Invalid tag name cache-armv7 for extension marinesitu.madrona, error: Invalid version naming: cache-armv7",
                "status": "ERROR"
            },
            {
                "message": "Invalid tag name cache-arm64 for extension marinesitu.madrona, error: Invalid version naming: cache-arm64",
                "status": "ERROR"
            },
            {
                "message": "Invalid tag name 970025d6-armv7 for extension marinesitu.madrona, error: Invalid version naming: 970025d6-armv7",
                "status": "ERROR"
            },
            {
                "message": "Invalid tag name 970025d6-arm64 for extension marinesitu.madrona, error: Invalid version naming: 970025d6-arm64",
                "status": "ERROR"
            },
            {
                "message": "Invalid tag name 24c55b4d for extension marinesitu.madrona, error: Invalid version naming: 24c55b4d",
                "status": "ERROR"
            },
            {
                "message": "Invalid tag name 24c55b4d-arm64 for extension marinesitu.madrona, error: Invalid version naming: 24c55b4d-arm64",
                "status": "ERROR"
            },
            {
                "message": "Invalid tag name 24c55b4d-armv7 for extension marinesitu.madrona, error: Invalid version naming: 24c55b4d-armv7",
                "status": "ERROR"
            },
            {
                "message": "Invalid tag name 24c55b4d-amd64 for extension marinesitu.madrona, error: Invalid version naming: 24c55b4d-amd64",
                "status": "ERROR"
            },
            {
                "message": "Invalid tag name dapistab1 for extension marinesitu.madrona, error: Invalid version naming: dapistab1",
                "status": "ERROR"
            },
            {
                "message": "Invalid tag name 86b9b4cd for extension marinesitu.madrona, error: Invalid version naming: 86b9b4cd",
                "status": "ERROR"
            },
            {
                "message": "Invalid tag name 86b9b4cd-arm64 for extension marinesitu.madrona, error: Invalid version naming: 86b9b4cd-arm64",
                "status": "ERROR"
            },
            {
                "message": "Invalid tag name 86b9b4cd-armv7 for extension marinesitu.madrona, error: Invalid version naming: 86b9b4cd-armv7",
                "status": "ERROR"
            },
            {
                "message": "Invalid tag name 86b9b4cd-amd64 for extension marinesitu.madrona, error: Invalid version naming: 86b9b4cd-amd64",
                "status": "ERROR"
            },
            {
                "message": "Invalid tag name dbcb771e for extension marinesitu.madrona, error: Invalid version naming: dbcb771e",
                "status": "ERROR"
            },
            {
                "message": "Invalid tag name dbcb771e-arm64 for extension marinesitu.madrona, error: Invalid version naming: dbcb771e-arm64",
                "status": "ERROR"
            },
            {
                "message": "Invalid tag name dbcb771e-armv7 for extension marinesitu.madrona, error: Invalid version naming: dbcb771e-armv7",
                "status": "ERROR"
            },
            {
                "message": "Failed to generate version 1.13.0 for extension marinesitu.madrona, error: Error on Docker Auth API with status 401",
                "status": "ERROR"
            },
            {
                "message": "Failed to generate version 1.3.1 for extension marinesitu.madrona, error: Error on Docker Auth API with status 401",
                "status": "ERROR"
            },
            {
                "message": "Failed to generate version 1.13.1 for extension marinesitu.madrona, error: Error on Docker Auth API with status 401",
                "status": "ERROR"
            },
            {
                "message": "Failed to generate version 1.13.2 for extension marinesitu.madrona, error: Error on Docker Auth API with status 401",
                "status": "ERROR"
            },
            {
                "message": "Failed to generate version 1.12.2 for extension marinesitu.madrona, error: Error on Docker Auth API with status 401",
                "status": "ERROR"
            }
        ],
        "nortekgroup.nucleus": [
            {
                "message": "Starting metadata processing for nortekgroup.nucleus",
                "status": "INFO"
            },
            {
                "message": "Extension logo not found for nortekgroup.nucleus, trying to use company logo as alternative",
                "status": "WARNING"
            },
            {
                "message": "Finished metadata processing for nortekgroup.nucleus",
                "status": "INFO"
            },
            {
                "message": "Invalid tag name latest for extension nortekgroup.nucleus, error: Invalid version naming: latest",
                "status": "ERROR"
            },
            {
                "message": "Failed to generate version 2.0.7 for extension nortekgroup.nucleus, error: Error on Docker Auth API with status 401",
                "status": "ERROR"
            },
            {
                "message": "Failed to generate version 1.0.1 for extension nortekgroup.nucleus, error: Error on Docker Auth API with status 401",
                "status": "ERROR"
            },
            {
                "message": "Failed to generate version 0.0.7 for extension nortekgroup.nucleus, error: Error on Docker Auth API with status 401",
                "status": "ERROR"
            },
            {
                "message": "Failed to generate version 0.0.6 for extension nortekgroup.nucleus, error: Error on Docker Auth API with status 401",
                "status": "ERROR"
            },
            {
                "message": "Failed to generate version 1.2.0 for extension nortekgroup.nucleus, error: Error on Docker Auth API with status 401",
                "status": "ERROR"
            },
            {
                "message": "Failed to generate version 1.1.0 for extension nortekgroup.nucleus, error: Error on Docker Auth API with status 401",
                "status": "ERROR"
            },
            {
                "message": "Failed to generate version 2.0.5 for extension nortekgroup.nucleus, error: Error on Docker Auth API with status 401",
                "status": "ERROR"
            },
            {
                "message": "Failed to generate version 2.0.1 for extension nortekgroup.nucleus, error: Error on Docker Auth API with status 401",
                "status": "ERROR"
            },
            {
                "message": "Failed to generate version 2.0.2 for extension nortekgroup.nucleus, error: Error on Docker Auth API with status 401",
                "status": "ERROR"
            },
            {
                "message": "Failed to generate version 2.0.4 for extension nortekgroup.nucleus, error: Error on Docker Auth API with status 401",
                "status": "ERROR"
            },
            {
                "message": "Failed to generate version 2.0.3 for extension nortekgroup.nucleus, error: Error on Docker Auth API with status 401",
                "status": "ERROR"
            },
            {
                "message": "Failed to generate version 2.0.0 for extension nortekgroup.nucleus, error: Error on Docker Auth API with status 401",
                "status": "ERROR"
            },
            {
                "message": "Failed to generate version 2.0.6 for extension nortekgroup.nucleus, error: Error on Docker Auth API with status 401",
                "status": "ERROR"
            },
            {
                "message": "Failed to generate version 2.0.8 for extension nortekgroup.nucleus, error: Error on Docker Auth API with status 401",
                "status": "ERROR"
            },
            {
                "message": "Failed to generate version 0.0.8 for extension nortekgroup.nucleus, error: Error on Docker Auth API with status 401",
                "status": "ERROR"
            },
            {
                "message": "Failed to generate version 1.0.2 for extension nortekgroup.nucleus, error: Error on Docker Auth API with status 401",
                "status": "ERROR"
            },
            {
                "message": "Failed to generate version 1.0.0 for extension nortekgroup.nucleus, error: Error on Docker Auth API with status 401",
                "status": "ERROR"
            },
            {
                "message": "Failed to generate version 1.0.4 for extension nortekgroup.nucleus, error: Error on Docker Auth API with status 401",
                "status": "ERROR"
            }
        ],
        "patrickelectric.foxglove": [
            {
                "message": "Starting metadata processing for patrickelectric.foxglove",
                "status": "INFO"
            },
            {
                "message": "Finished metadata processing for patrickelectric.foxglove",
                "status": "INFO"
            },
            {
                "message": "Unable to fetch tags for patrickelectric.foxglove, error: Error on GET Docker HUB API with status 429 on call to https://hub.docker.com/v2//repositories/patrickelectric/blueos-foxglove/",
                "status": "ERROR"
            }
        ],
        "patrickelectric.starlink-position": [
            {
                "message": "Starting metadata processing for patrickelectric.starlink-position",
                "status": "INFO"
            },
            {
                "message": "Finished metadata processing for patrickelectric.starlink-position",
                "status": "INFO"
            },
            {
                "message": "Unable to fetch tags for patrickelectric.starlink-position, error: Error on GET Docker HUB API with status 429 on call to https://hub.docker.com/v2//repositories/patrickelectric/blueos-starlink-position/",
                "status": "ERROR"
            }
        ],
        "rmackay9.camera-download": [
            {
                "message": "Starting metadata processing for rmackay9.camera-download",
                "status": "INFO"
            },
            {
                "message": "Finished metadata processing for rmackay9.camera-download",
                "status": "INFO"
            },
            {
                "message": "Invalid tag name latest for extension rmackay9.camera-download, error: Invalid version naming: latest",
                "status": "ERROR"
            },
            {
                "message": "Failed to generate version 0.0.2 for extension rmackay9.camera-download, error: Error on Docker Auth API with status 401",
                "status": "ERROR"
            },
            {
                "message": "Failed to generate version 0.0.1 for extension rmackay9.camera-download, error: Error on Docker Auth API with status 401",
                "status": "ERROR"
            },
            {
                "message": "Failed to generate version 0.0.3 for extension rmackay9.camera-download, error: Error on Docker Auth API with status 401",
                "status": "ERROR"
            }
        ],
        "rmackay9.opticalflow": [
            {
                "message": "Starting metadata processing for rmackay9.opticalflow",
                "status": "INFO"
            },
            {
                "message": "Finished metadata processing for rmackay9.opticalflow",
                "status": "INFO"
            },
            {
                "message": "Invalid tag name latest for extension rmackay9.opticalflow, error: Invalid version naming: latest",
                "status": "ERROR"
            },
            {
                "message": "Failed to generate version 0.0.1 for extension rmackay9.opticalflow, error: Error on Docker Auth API with status 401",
                "status": "ERROR"
            }
        ],
        "rmackay9.precision-landing": [
            {
                "message": "Starting metadata processing for rmackay9.precision-landing",
                "status": "INFO"
            },
            {
                "message": "Finished metadata processing for rmackay9.precision-landing",
                "status": "INFO"
            },
            {
                "message": "Invalid tag name latest for extension rmackay9.precision-landing, error: Invalid version naming: latest",
                "status": "ERROR"
            },
            {
                "message": "Failed to generate version 0.0.1 for extension rmackay9.precision-landing, error: Error on Docker Auth API with status 401",
                "status": "ERROR"
            }
        ],
        "sonardyne.navsync_pro": [
            {
                "message": "Starting metadata processing for sonardyne.navsync_pro",
                "status": "INFO"
            },
            {
                "message": "Finished metadata processing for sonardyne.navsync_pro",
                "status": "INFO"
            },
            {
                "message": "Unable to fetch tags for sonardyne.navsync_pro, error: Error on GET Docker HUB API with status 429 on call to https://hub.docker.com/v2//repositories/sonardyne/blueos-sprint-nav-extension/",
                "status": "ERROR"
            }
        ],
        "vshie.pingSurvey": [
            {
                "message": "Starting metadata processing for vshie.pingSurvey",
                "status": "INFO"
            },
            {
                "message": "Finished metadata processing for vshie.pingSurvey",
                "status": "INFO"
            },
            {
                "message": "Unable to fetch tags for vshie.pingSurvey, error: Error on GET Docker HUB API with status 429 on call to https://hub.docker.com/v2//repositories/vshie/blueos-simplepingsurvey/",
                "status": "ERROR"
            }
        ],
        "waterlinked.sonar": [
            {
                "message": "Starting metadata processing for waterlinked.sonar",
                "status": "INFO"
            },
            {
                "message": "Finished metadata processing for waterlinked.sonar",
                "status": "INFO"
            },
            {
                "message": "Invalid tag name latest for extension waterlinked.sonar, error: Invalid version naming: latest",
                "status": "ERROR"
            },
            {
                "message": "Failed to generate version v1.0.0 for extension waterlinked.sonar, error: Error on Docker Auth API with status 401",
                "status": "ERROR"
            }
        ],
        "waterlinked.ugps": [
            {
                "message": "Starting metadata processing for waterlinked.ugps",
                "status": "INFO"
            },
            {
                "message": "Finished metadata processing for waterlinked.ugps",
                "status": "INFO"
            },
            {
                "message": "Unable to fetch tags for waterlinked.ugps, error: Error on GET Docker HUB API with status 429 on call to https://hub.docker.com/v2//repositories/waterlinked/blueos-ugps-extension/",
                "status": "ERROR"
            }
        ],
        "williangalvani.blueos-proxy": [
            {
                "message": "Starting metadata processing for williangalvani.blueos-proxy",
                "status": "INFO"
            },
            {
                "message": "Finished metadata processing for williangalvani.blueos-proxy",
                "status": "INFO"
            },
            {
                "message": "Unable to fetch tags for williangalvani.blueos-proxy, error: Error on GET Docker HUB API with status 429 on call to https://hub.docker.com/v2//repositories/williangalvani/blueos-extension-proxy/",
                "status": "ERROR"
            }
        ],
        "williangalvani.dashcam": [
            {
                "message": "Starting metadata processing for williangalvani.dashcam",
                "status": "INFO"
            },
            {
                "message": "Finished metadata processing for williangalvani.dashcam",
                "status": "INFO"
            },
            {
                "message": "Unable to fetch tags for williangalvani.dashcam, error: Error on GET Docker HUB API with status 429 on call to https://hub.docker.com/v2//repositories/williangalvani/blueos-dashcam/",
                "status": "ERROR"
            }
        ],
        "williangalvani.example1": [
            {
                "message": "Starting metadata processing for williangalvani.example1",
                "status": "INFO"
            },
            {
                "message": "Finished metadata processing for williangalvani.example1",
                "status": "INFO"
            },
            {
                "message": "Failed to generate version v1.0.0 for extension williangalvani.example1, error: Error on Docker Auth API with status 401",
                "status": "ERROR"
            },
            {
                "message": "Failed to generate version v1.0.1 for extension williangalvani.example1, error: Error on Docker Auth API with status 401",
                "status": "ERROR"
            }
        ],
        "williangalvani.example2": [
            {
                "message": "Starting metadata processing for williangalvani.example2",
                "status": "INFO"
            },
            {
                "message": "Finished metadata processing for williangalvani.example2",
                "status": "INFO"
            },
            {
                "message": "Unable to fetch tags for williangalvani.example2, error: Error on GET Docker HUB API with status 429 on call to https://hub.docker.com/v2//repositories/williangalvani/blueos-example2/",
                "status": "ERROR"
            }
        ],
        "williangalvani.example3": [
            {
                "message": "Starting metadata processing for williangalvani.example3",
                "status": "INFO"
            },
            {
                "message": "Finished metadata processing for williangalvani.example3",
                "status": "INFO"
            },
            {
                "message": "Failed to generate version v1.0.1 for extension williangalvani.example3, error: Error on Docker Auth API with status 401",
                "status": "ERROR"
            },
            {
                "message": "Failed to generate version v1.0.0 for extension williangalvani.example3, error: Error on Docker Auth API with status 401",
                "status": "ERROR"
            }
        ],
        "williangalvani.example4": [
            {
                "message": "Starting metadata processing for williangalvani.example4",
                "status": "INFO"
            },
            {
                "message": "Finished metadata processing for williangalvani.example4",
                "status": "INFO"
            },
            {
                "message": "Failed to generate version v1.0.0 for extension williangalvani.example4, error: Error on Docker Auth API with status 401",
                "status": "ERROR"
            },
            {
                "message": "Failed to generate version v1.0.1 for extension williangalvani.example4, error: Error on Docker Auth API with status 401",
                "status": "ERROR"
            }
        ],
        "williangalvani.example5": [
            {
                "message": "Starting metadata processing for williangalvani.example5",
                "status": "INFO"
            },
            {
                "message": "Finished metadata processing for williangalvani.example5",
                "status": "INFO"
            },
            {
                "message": "Unable to fetch tags for williangalvani.example5, error: Error on GET Docker HUB API with status 429 on call to https://hub.docker.com/v2//repositories/williangalvani/blueos-example5/",
                "status": "ERROR"
            }
        ],
        "williangalvani.mediamtx": [
            {
                "message": "Starting metadata processing for williangalvani.mediamtx",
                "status": "INFO"
            },
            {
                "message": "Finished metadata processing for williangalvani.mediamtx",
                "status": "INFO"
            },
            {
                "message": "Invalid tag name master for extension williangalvani.mediamtx, error: Invalid version naming: master",
                "status": "ERROR"
            },
            {
                "message": "Invalid tag name latest for extension williangalvani.mediamtx, error: Invalid version naming: latest",
                "status": "ERROR"
            },
            {
                "message": "Failed to generate version v1.11.2 for extension williangalvani.mediamtx, error: Error on Docker Auth API with status 401",
                "status": "ERROR"
            },
            {
                "message": "Failed to generate version v1.11.3 for extension williangalvani.mediamtx, error: Error on Docker Auth API with status 401",
                "status": "ERROR"
            },
            {
                "message": "Failed to generate version v1.11.4 for extension williangalvani.mediamtx, error: Error on Docker Auth API with status 401",
                "status": "ERROR"
            },
            {
                "message": "Failed to generate version 1.11.2 for extension williangalvani.mediamtx, error: Error on Docker Auth API with status 401",
                "status": "ERROR"
            }
        ],
        "williangalvani.network-scanner": [
            {
                "message": "Starting metadata processing for williangalvani.network-scanner",
                "status": "INFO"
            },
            {
                "message": "Finished metadata processing for williangalvani.network-scanner",
                "status": "INFO"
            },
            {
                "message": "Invalid tag name master for extension williangalvani.network-scanner, error: Invalid version naming: master",
                "status": "ERROR"
            },
            {
                "message": "Invalid tag name latest for extension williangalvani.network-scanner, error: Invalid version naming: latest",
                "status": "ERROR"
            },
            {
                "message": "Failed to generate version v1.0.4 for extension williangalvani.network-scanner, error: Error on Docker Auth API with status 401",
                "status": "ERROR"
            },
            {
                "message": "Failed to generate version 1.0.2 for extension williangalvani.network-scanner, error: Error on Docker Auth API with status 401",
                "status": "ERROR"
            },
            {
                "message": "Failed to generate version v1.0.1 for extension williangalvani.network-scanner, error: Error on Docker Auth API with status 401",
                "status": "ERROR"
            },
            {
                "message": "Failed to generate version v1.0.0 for extension williangalvani.network-scanner, error: Error on Docker Auth API with status 401",
                "status": "ERROR"
            },
            {
                "message": "Failed to generate version v1.0.2 for extension williangalvani.network-scanner, error: Error on Docker Auth API with status 401",
                "status": "ERROR"
            },
            {
                "message": "Failed to generate version 1.0.3 for extension williangalvani.network-scanner, error: Error on Docker Auth API with status 401",
                "status": "ERROR"
            }
        ],
        "williangalvani.ntrip": [
            {
                "message": "Starting metadata processing for williangalvani.ntrip",
                "status": "INFO"
            },
            {
                "message": "Finished metadata processing for williangalvani.ntrip",
                "status": "INFO"
            },
            {
                "message": "Invalid tag name main for extension williangalvani.ntrip, error: Invalid version naming: main",
                "status": "ERROR"
            },
            {
                "message": "Failed to generate version v0.0.4 for extension williangalvani.ntrip, error: Error on Docker Auth API with status 401",
                "status": "ERROR"
            },
            {
                "message": "Failed to generate version v0.0.1 for extension williangalvani.ntrip, error: Error on Docker Auth API with status 401",
                "status": "ERROR"
            },
            {
                "message": "Failed to generate version v0.0.3 for extension williangalvani.ntrip, error: Error on Docker Auth API with status 401",
                "status": "ERROR"
            },
            {
                "message": "Failed to generate version v0.0.2 for extension williangalvani.ntrip, error: Error on Docker Auth API with status 401",
                "status": "ERROR"
            },
            {
                "message": "Failed to generate version v0.0.5 for extension williangalvani.ntrip, error: Error on Docker Auth API with status 401",
                "status": "ERROR"
            }
        ],
        "williangalvani.oakd": [
            {
                "message": "Starting metadata processing for williangalvani.oakd",
                "status": "INFO"
            },
            {
                "message": "Finished metadata processing for williangalvani.oakd",
                "status": "INFO"
            },
            {
                "message": "Unable to fetch tags for williangalvani.oakd, error: Error on GET Docker HUB API with status 429 on call to https://hub.docker.com/v2//repositories/williangalvani/oakd-extension/",
                "status": "ERROR"
            }
        ],
        "williangalvani.oakd vins": [
            {
                "message": "Starting metadata processing for williangalvani.oakd vins",
                "status": "INFO"
            },
            {
                "message": "Finished metadata processing for williangalvani.oakd vins",
                "status": "INFO"
            },
            {
                "message": "Unable to fetch tags for williangalvani.oakd vins, error: Error on GET Docker HUB API with status 429 on call to https://hub.docker.com/v2//repositories/williangalvani/blueos-oakd-vins/",
                "status": "ERROR"
            }
        ],
        "williangalvani.plc-diagnostics": [
            {
                "message": "Starting metadata processing for williangalvani.plc-diagnostics",
                "status": "INFO"
            },
            {
                "message": "Finished metadata processing for williangalvani.plc-diagnostics",
                "status": "INFO"
            },
            {
                "message": "Unable to fetch tags for williangalvani.plc-diagnostics, error: Error on GET Docker HUB API with status 429 on call to https://hub.docker.com/v2//repositories/williangalvani/blueos-plc/",
                "status": "ERROR"
            }
        ],
        "williangalvani.usbip": [
            {
                "message": "Starting metadata processing for williangalvani.usbip",
                "status": "INFO"
            },
            {
                "message": "Finished metadata processing for williangalvani.usbip",
                "status": "INFO"
            },
            {
                "message": "Unable to fetch tags for williangalvani.usbip, error: Error on GET Docker HUB API with status 429 on call to https://hub.docker.com/v2//repositories/williangalvani/blueos-extension-usbip/",
                "status": "ERROR"
            }
        ],
        "williangalvani.virtualhere": [
            {
                "message": "Starting metadata processing for williangalvani.virtualhere",
                "status": "INFO"
            },
            {
                "message": "Finished metadata processing for williangalvani.virtualhere",
                "status": "INFO"
            },
            {
                "message": "Invalid tag name test for extension williangalvani.virtualhere, error: Invalid version naming: test",
                "status": "ERROR"
            },
            {
                "message": "Failed to generate version v1.0.0 for extension williangalvani.virtualhere, error: Error on Docker Auth API with status 401",
                "status": "ERROR"
            },
            {
                "message": "Failed to generate version v1.0.2 for extension williangalvani.virtualhere, error: Error on Docker Auth API with status 401",
                "status": "ERROR"
            },
            {
                "message": "Failed to generate version v1.0.4 for extension williangalvani.virtualhere, error: Error on Docker Auth API with status 401",
                "status": "ERROR"
            },
            {
                "message": "Failed to generate version v1.0.5 for extension williangalvani.virtualhere, error: Error on Docker Auth API with status 401",
                "status": "ERROR"
            },
            {
                "message": "Failed to generate version v1.0.3 for extension williangalvani.virtualhere, error: Error on Docker Auth API with status 401",
                "status": "ERROR"
            }
        ],
        "williangalvani.zerotier": [
            {
                "message": "Starting metadata processing for williangalvani.zerotier",
                "status": "INFO"
            },
            {
                "message": "Finished metadata processing for williangalvani.zerotier",
                "status": "INFO"
            },
            {
                "message": "Unable to fetch tags for williangalvani.zerotier, error: Error on GET Docker HUB API with status 429 on call to https://hub.docker.com/v2//repositories/williangalvani/zerotier/",
                "status": "ERROR"
            }
        ]
    },
    "final_docker_rate_limit": null,
    "start_docker_rate_limit": null
}